c:\development\tricksterlauncher\source\newlauncher\output\trickster launcher\launcherapplication.obj
c:\development\tricksterlauncher\source\newlauncher\output\trickster launcher\integrity.obj
c:\development\tricksterlauncher\source\newlauncher\output\trickster launcher\imgui_widgets.obj
c:\development\tricksterlauncher\source\newlauncher\output\trickster launcher\manifestmanager.obj
c:\development\tricksterlauncher\source\newlauncher\output\trickster launcher\launcherwindow.obj
c:\development\tricksterlauncher\source\newlauncher\output\trickster launcher\launcherstate.obj
c:\development\tricksterlauncher\source\newlauncher\output\trickster launcher\launcherwebview.obj
c:\development\tricksterlauncher\source\newlauncher\output\trickster launcher\logger.obj
c:\development\tricksterlauncher\source\newlauncher\output\trickster launcher\downloadtelemetry.obj
c:\development\tricksterlauncher\source\newlauncher\output\trickster launcher\imgui_impl_win32.obj
c:\development\tricksterlauncher\source\newlauncher\output\trickster launcher\manifestsecurity.obj
c:\development\tricksterlauncher\source\newlauncher\output\trickster launcher\endpointmanager.obj
c:\development\tricksterlauncher\source\newlauncher\output\trickster launcher\downloadpolicy.obj
c:\development\tricksterlauncher\source\newlauncher\output\trickster launcher\updatecoordinator.obj
c:\development\tricksterlauncher\source\newlauncher\output\trickster launcher\launcherupdater.obj
c:\development\tricksterlauncher\source\newlauncher\output\trickster launcher\gamelauncher.obj
c:\development\tricksterlauncher\source\newlauncher\output\trickster launcher\launcherview.obj
c:\development\tricksterlauncher\source\newlauncher\output\trickster launcher\imgui_tables.obj
c:\development\tricksterlauncher\source\newlauncher\output\trickster launcher\main.obj
c:\development\tricksterlauncher\source\newlauncher\output\trickster launcher\crypt.obj
c:\development\tricksterlauncher\source\newlauncher\output\trickster launcher\launcherpresenter.obj
c:\development\tricksterlauncher\source\newlauncher\output\trickster launcher\fileverifier.obj
c:\development\tricksterlauncher\source\newlauncher\output\trickster launcher\imgui_impl_dx9.obj
c:\development\tricksterlauncher\source\newlauncher\output\trickster launcher\updateinstaller.obj
c:\development\tricksterlauncher\source\newlauncher\output\trickster launcher\downloadmanager.obj
c:\development\tricksterlauncher\source\newlauncher\output\trickster launcher\config.obj
c:\development\tricksterlauncher\source\newlauncher\output\trickster launcher\imgui.obj
c:\development\tricksterlauncher\source\newlauncher\output\trickster launcher\language.obj
c:\development\tricksterlauncher\source\newlauncher\output\trickster launcher\versionmanager.obj
c:\development\tricksterlauncher\source\newlauncher\output\trickster launcher\imgui_draw.obj
c:\development\tricksterlauncher\source\newlauncher\output\trickster launcher\rendererd3d9.obj
c:\development\tricksterlauncher\source\newlauncher\output\trickster launcher\vc143.pdb
c:\development\tricksterlauncher\output\trickster launcher\splash.exe
c:\development\tricksterlauncher\output\trickster launcher\splash.pdb
c:\development\tricksterlauncher\source\newlauncher\output\trickster launcher\newlauncher.res
c:\development\tricksterlauncher\source\newlauncher\output\trickster launcher\splash.ipdb
c:\development\tricksterlauncher\source\newlauncher\output\trickster launcher\splash.iobj
c:\development\tricksterlauncher\source\newlauncher\output\trickster launcher\launcher.tlog\cl.command.1.tlog
c:\development\tricksterlauncher\source\newlauncher\output\trickster launcher\launcher.tlog\cl.items.tlog
c:\development\tricksterlauncher\source\newlauncher\output\trickster launcher\launcher.tlog\cl.read.1.tlog
c:\development\tricksterlauncher\source\newlauncher\output\trickster launcher\launcher.tlog\cl.write.1.tlog
c:\development\tricksterlauncher\source\newlauncher\output\trickster launcher\launcher.tlog\link.command.1.tlog
c:\development\tricksterlauncher\source\newlauncher\output\trickster launcher\launcher.tlog\link.read.1.tlog
c:\development\tricksterlauncher\source\newlauncher\output\trickster launcher\launcher.tlog\link.secondary.1.tlog
c:\development\tricksterlauncher\source\newlauncher\output\trickster launcher\launcher.tlog\link.write.1.tlog
c:\development\tricksterlauncher\source\newlauncher\output\trickster launcher\launcher.tlog\rc.command.1.tlog
c:\development\tricksterlauncher\source\newlauncher\output\trickster launcher\launcher.tlog\rc.read.1.tlog
c:\development\tricksterlauncher\source\newlauncher\output\trickster launcher\launcher.tlog\rc.write.1.tlog
